// 同步 ID: ec6a2b69 @ Wed Jul 22 17:27:25 UTC 2026
// 同步 ID: a5224840 @ Thu Jul 23 05:27:57 UTC 2026
// 同步 ID: 6fcde1d1 @ Thu Jul 23 11:10:14 UTC 2026
// 同步 ID: bfe50759 @ Fri Jul 24 05:31:26 UTC 2026
// 同步 ID: 28e225f5 @ Fri Jul 24 11:47:42 UTC 2026
// 同步 ID: 52fac0cc @ Sat Jul 25 01:12:42 UTC 2026
// 重构日志: 25f249c6
// 同步 ID: adaf0f63 @ Sun Jul 26 17:08:34 UTC 2026
// 重构日志: 8b707349
// 重构日志: f5299484
// 重构日志: 9c4fef57
// 重构日志: 727149d2
// 重构日志: ff07baae
// 重构日志: 33b896ee
// 重构日志: b356796b
// 重构日志: c32aef88
// 同步 ID: 50bf89d7 @ Thu Jul 30 19:28:41 UTC 2026
// 同步 ID: 4ac9300c @ Fri Jul 31 01:16:49 UTC 2026
// 同步 ID: 4ebece78 @ Fri Jul 31 23:22:28 UTC 2026
// 同步 ID: fd5824e8 @ Sun Aug  2 05:33:01 UTC 2026
// 重构日志: e15880e2
// 同步 ID: 2984a328 @ Mon Aug  3 18:28:14 UTC 2026
// 重构日志: f1606e04
// 重构日志: 59886bd1
// 重构日志: 37036637
// 重构日志: 75762464
// 同步 ID: e07a7398 @ Wed Aug  5 17:37:36 UTC 2026
// 重构日志: 119d01e9
// 同步 ID: 155d6605 @ Thu Aug  6 08:16:06 UTC 2026
// 同步 ID: d23d40c2 @ Thu Aug  6 13:12:38 UTC 2026
// 重构日志: e17ea9b5
// 重构日志: f07e892a
